<html>
<body>
<pre>
<h1>µVision Build Log</h1>
<h2>Tool Versions:</h2>
IDE-Version: µVision V5.36.0.0
Copyright (C) 2021 ARM Ltd and ARM Germany GmbH. All rights reserved.
License Information: Ahmed Farouk, Cairo university, LIC=----
 
Tool Versions:
Toolchain:       MDK-Lite  Version: 5.36.0.0
Toolchain Path:  C:\Keil_v5\ARM\ARMCLANG\Bin
C Compiler:      ArmClang.exe V6.16
Assembler:       Armasm.exe V6.16
Linker/Locator:  ArmLink.exe V6.16
Library Manager: ArmAr.exe V6.16
Hex Converter:   FromElf.exe V6.16
CPU DLL:         SARMCM3.DLL V5.36.0.0
Dialog DLL:      DCM.DLL V1.17.3.0
Target DLL:      UL2CM3.DLL V1.164.0.0
Dialog DLL:      TCM.DLL V1.53.0.0
 
<h2>Project:</h2>
E:\Valeo_Course\Example\example.uvprojx
Project File Date:  10/18/2021

<h2>Output:</h2>
*** Using Compiler 'V6.16', folder: 'C:\Keil_v5\ARM\ARMCLANG\Bin'
Build target 'Target 1'
app.c(4): warning: no previous extern declaration for non-static variable 'PWM_levels' [-Wmissing-variable-declarations]
unsigned int PWM_levels[10] = {12,1200,12000,1213,321,56456,48,7897,899999,545454};
             ^
app.c(4): note: declare 'static' if the variable is not intended to be used outside of this translation unit
unsigned int PWM_levels[10] = {12,1200,12000,1213,321,56456,48,7897,899999,545454};
^
app.c(1): warning: In file included from...
C:/Users/Farouk/AppData/Local/Arm/Packs/Keil/STM32F4xx_DFP/2.15.0/Drivers/CMSIS/Device/ST/STM32F4xx/Include\stm32f4xx.h(234): warning: In file included from...
C:/Users/Farouk/AppData/Local/Arm/Packs/Keil/STM32F4xx_DFP/2.15.0/Drivers/STM32F4xx_HAL_Driver/Inc\stm32f4xx_hal.h(30): warning: In file included from...
./RTE/Device/STM32F401CCUx\stm32f4xx_hal_conf.h(527): warning: In file included from...
C:/Users/Farouk/AppData/Local/Arm/Packs/Keil/STM32F4xx_DFP/2.15.0/Drivers/STM32F4xx_HAL_Driver/Inc\stm32f4xx_hal_tim.h(321): warning: padding struct 'TIM_HandleTypeDef' with 3 bytes to align 'hdma' [-Wpadded]
  DMA_HandleTypeDef           *hdma[7];      /*!< DMA Handlers array
                               ^
C:/Users/Farouk/AppData/Local/Arm/Packs/Keil/STM32F4xx_DFP/2.15.0/Drivers/STM32F4xx_HAL_Driver/Inc\stm32f4xx_hal_tim.h(315): warning: padding size of 'TIM_HandleTypeDef' with 2 bytes to alignment boundary [-Wpadded]
typedef struct
        ^
app.c(59): warning: unused variable 'status' [-Wunused-variable]
        HAL_StatusTypeDef status = HAL_TIM_PWM_Start(&PWM_handle, TIM_CHANNEL_1);
                          ^
app.c(80): warning: 'return' will never be executed [-Wunreachable-code-return]
        return 0;
               ^
app.c(1): warning: In file included from...
C:/Users/Farouk/AppData/Local/Arm/Packs/Keil/STM32F4xx_DFP/2.15.0/Drivers/CMSIS/Device/ST/STM32F4xx/Include\stm32f4xx.h(234): warning: In file included from...
C:/Users/Farouk/AppData/Local/Arm/Packs/Keil/STM32F4xx_DFP/2.15.0/Drivers/STM32F4xx_HAL_Driver/Inc\stm32f4xx_hal.h(30): warning: In file included from...
./RTE/Device/STM32F401CCUx\stm32f4xx_hal_conf.h(411): warning: In file included from...
C:/Users/Farouk/AppData/Local/Arm/Packs/Keil/STM32F4xx_DFP/2.15.0/Drivers/STM32F4xx_HAL_Driver/Inc\stm32f4xx_hal_dma.h(149): warning: padding struct 'struct __DMA_HandleTypeDef' with 2 bytes to align 'Parent' [-Wpadded]
  void                       *Parent;                                                          /*!< Parent object state                    */ 
                              ^
6 warnings generated.
compiling app.c...
linking...
Program Size: Code=2072 RO-data=436 RW-data=40 ZI-data=1632  
FromELF: creating hex file...
".\Objects\example.axf" - 0 Error(s), 6 Warning(s).

<h2>Software Packages used:</h2>

Package Vendor: ARM
                http://www.keil.com/pack/ARM.CMSIS.5.8.0.pack
                ARM.CMSIS.5.8.0
                CMSIS (Common Microcontroller Software Interface Standard)
   * Component: CORE Version: 5.5.0

Package Vendor: Keil
                http://www.keil.com/pack/Keil.STM32F4xx_DFP.2.15.0.pack
                Keil.STM32F4xx_DFP.2.15.0
                STMicroelectronics STM32F4 Series Device Support, Drivers and Examples
   * Component: STM32Cube Framework Version: 1.0.0
   * Component: Classic Version: 1.7.9
   * Component: Common Version: 1.7.9
   * Component: Cortex Version: 1.7.9
   * Component: DMA Version: 1.7.9
   * Component: GPIO Version: 1.7.9
   * Component: PWR Version: 1.7.9
   * Component: RCC Version: 1.7.9
   * Component: TIM Version: 1.7.9
   * Component: Startup Version: 2.6.3

<h2>Collection of Component include folders:</h2>
  .\RTE\Device\STM32F401CCUx
  .\RTE\_Target_1
  C:\Users\Farouk\AppData\Local\Arm\Packs\ARM\CMSIS\5.8.0\CMSIS\Core\Include
  C:\Users\Farouk\AppData\Local\Arm\Packs\Keil\STM32F4xx_DFP\2.15.0\Drivers\CMSIS\Device\ST\STM32F4xx\Include
  C:\Users\Farouk\AppData\Local\Arm\Packs\Keil\STM32F4xx_DFP\2.15.0\Drivers\STM32F4xx_HAL_Driver\Inc

<h2>Collection of Component Files used:</h2>

   * Component: ::Device:STM32Cube Framework:1.0.0 (API)

   * Component: ARM::CMSIS:CORE:5.5.0

   * Component: Keil::Device:STM32Cube Framework:Classic:1.7.9
      Include file:  MDK\Templates\Inc\stm32f4xx_hal_conf.h
      Include file:  MDK\Templates_LL\Inc\main.h
      Source file:   MDK\Templates\Src\stm32f4xx_it.c
      Include file:  CMSIS\Driver\Config\RTE_Device.h
      Source file:   MDK\Templates\Src\stm32f4xx_hal_msp.c
      Include file:  MDK\Templates\Inc\stm32f4xx_it.h
      Source file:   MDK\Templates\Src\main.c
      Source file:   MDK\Templates_LL\Src\main.c
      Include file:  MDK\Templates\Inc\main.h

   * Component: Keil::Device:STM32Cube HAL:Common:1.7.9
      Include file:  Drivers\STM32F4xx_HAL_Driver\Inc\stm32f4xx_hal.h
      Source file:   Drivers\STM32F4xx_HAL_Driver\Src\stm32f4xx_hal.c

   * Component: Keil::Device:STM32Cube HAL:Cortex:1.7.9
      Source file:   Drivers\STM32F4xx_HAL_Driver\Src\stm32f4xx_hal_cortex.c

   * Component: Keil::Device:STM32Cube HAL:DMA:1.7.9
      Source file:   Drivers\STM32F4xx_HAL_Driver\Src\stm32f4xx_hal_dma.c
      Source file:   Drivers\STM32F4xx_HAL_Driver\Src\stm32f4xx_hal_dma_ex.c

   * Component: Keil::Device:STM32Cube HAL:GPIO:1.7.9
      Source file:   Drivers\STM32F4xx_HAL_Driver\Src\stm32f4xx_hal_gpio.c

   * Component: Keil::Device:STM32Cube HAL:PWR:1.7.9
      Source file:   Drivers\STM32F4xx_HAL_Driver\Src\stm32f4xx_hal_pwr_ex.c
      Source file:   Drivers\STM32F4xx_HAL_Driver\Src\stm32f4xx_hal_pwr.c

   * Component: Keil::Device:STM32Cube HAL:RCC:1.7.9
      Source file:   Drivers\STM32F4xx_HAL_Driver\Src\stm32f4xx_hal_rcc_ex.c
      Source file:   Drivers\STM32F4xx_HAL_Driver\Src\stm32f4xx_hal_rcc.c

   * Component: Keil::Device:STM32Cube HAL:TIM:1.7.9
      Source file:   Drivers\STM32F4xx_HAL_Driver\Src\stm32f4xx_hal_tim.c
      Source file:   Drivers\STM32F4xx_HAL_Driver\Src\stm32f4xx_hal_tim_ex.c

   * Component: Keil::Device:Startup:2.6.3
      Source file:   MDK\Device\Source\ARM\STM32F4xx_OTP.s
      Source file:   MDK\Device\Source\ARM\STM32F401xx_OPT.s
      Include file:  Drivers\CMSIS\Device\ST\STM32F4xx\Include\stm32f4xx.h
      Source file:   Drivers\CMSIS\Device\ST\STM32F4xx\Source\Templates\arm\startup_stm32f401xc.s
      Source file:   Drivers\CMSIS\Device\ST\STM32F4xx\Source\Templates\system_stm32f4xx.c
Build Time Elapsed:  00:00:01
</pre>
</body>
</html>
